Archive member included because of file (symbol)

arch/arm/cpu/hi3531a/libhi3531a.a(uart.o)
                              arch/arm/cpu/hi3531a/start.o (uart_early_init)
arch/arm/cpu/hi3531a/libhi3531a.a(lowlevel_init_v300.o)
                              arch/arm/cpu/hi3531a/start.o (start_ddr_training)
arch/arm/cpu/hi3531a/libhi3531a.a(chip.o)
                              arch/arm/cpu/hi3531a/libhi3531a.a(lowlevel_init_v300.o) (reset_cpu)
arch/arm/lib/libarm.a(board.o)
                              arch/arm/cpu/hi3531a/start.o (start_armboot)
arch/arm/lib/libarm.a(interrupts.o)
                              arch/arm/lib/libarm.a(board.o) (enable_interrupts)
net/libnet.a(eth.o)           arch/arm/lib/libarm.a(board.o) (eth_initialize)
net/libnet.a(net.o)           arch/arm/lib/libarm.a(board.o) (copy_filename)
net/libnet.a(rarp.o)          net/libnet.a(net.o) (RarpRequest)
net/libnet.a(tftp.o)          net/libnet.a(net.o) (TftpStart)
net/libnet.a(udp.o)           net/libnet.a(net.o) (UdpStart)
net/libnet.a(bootp.o)         net/libnet.a(net.o) (BootpRequest)
drivers/mtd/spi/libspi_flash.a(spi_compatible.o)
                              arch/arm/lib/libarm.a(board.o) (spi_flash_probe)
drivers/mtd/spi/hifmc100/libhifmcv100.a(hifmc100_os.o)
                              drivers/mtd/spi/libspi_flash.a(spi_compatible.o) (hifmc100_spi_nor_probe)
drivers/mtd/spi/hifmc100/libhifmcv100.a(hifmc_spi_nor_ids.o)
                              drivers/mtd/spi/hifmc100/libhifmcv100.a(hifmc100_os.o) (start_up_addr_mode)
drivers/mtd/spi/hifmc100/libhifmcv100.a(hifmc100.o)
                              drivers/mtd/spi/hifmc100/libhifmcv100.a(hifmc_spi_nor_ids.o) (hifmc100_read_ids)
drivers/net/higmacv300/libhigmacv300.a(higmac.o)
                              net/libnet.a(net.o) (eth_rx)
drivers/net/higmacv300/libhigmacv300.a(mdio.o)
                              drivers/net/higmacv300/libhigmacv300.a(higmac.o) (higmac0_mdio_read)
drivers/net/higmacv300/libhigmacv300.a(ctrl.o)
                              drivers/net/higmacv300/libhigmacv300.a(higmac.o) (higmac_set_macif)
drivers/serial/libserial.a(serial_pl01x.o)
                              arch/arm/lib/libarm.a(board.o) (serial_init)
common/libcommon.a(cmd_boot.o)
                              (__u_boot_cmd_reset)
common/libcommon.a(cmd_bootm.o)
                              (__u_boot_cmd_bootm)
common/libcommon.a(cmd_bzr.o)
                              (__u_boot_cmd_bzr)
common/libcommon.a(cmd_ddr_training_v2.o)
                              (__u_boot_cmd_ddr)
common/libcommon.a(cmd_dec.o)
                              (__u_boot_cmd_decjpg)
common/libcommon.a(cmd_fat.o)
                              (__u_boot_cmd_fatinfo)
common/libcommon.a(cmd_getinfo.o)
                              (__u_boot_cmd_getinfo)
common/libcommon.a(cmd_help.o)
                              (__u_boot_cmd_question_mark)
common/libcommon.a(cmd_load.o)
                              (__u_boot_cmd_loady)
common/libcommon.a(cmd_logo.o)
                              (__u_boot_cmd_logo)
common/libcommon.a(cmd_mem.o)
                              (__u_boot_cmd_mtest)
common/libcommon.a(cmd_mii.o)
                              (__u_boot_cmd_mii)
common/libcommon.a(cmd_net.o)
                              (__u_boot_cmd_query)
common/libcommon.a(cmd_nvedit.o)
                              net/libnet.a(net.o) (get_env_id)
common/libcommon.a(cmd_sf.o)  (__u_boot_cmd_sf)
common/libcommon.a(cmd_usb.o)
                              (__u_boot_cmd_usbboot)
common/libcommon.a(cmd_version.o)
                              (__u_boot_cmd_version)
common/libcommon.a(cmd_vo_hi3531a.o)
                              common/libcommon.a(cmd_logo.o) (check_vo_support)
common/libcommon.a(command.o)
                              common/libcommon.a(cmd_bootm.o) (find_cmd_tbl)
common/libcommon.a(console.o)
                              arch/arm/lib/libarm.a(board.o) (printf)
common/libcommon.a(dlmalloc.o)
                              arch/arm/lib/libarm.a(board.o) (mem_malloc_init)
common/libcommon.a(download_process.o)
                              arch/arm/lib/libarm.a(board.o) (download_boot)
common/libcommon.a(env_common.o)
                              common/libcommon.a(cmd_nvedit.o) (env_crc_update)
common/libcommon.a(env_common_func.o)
                              common/libcommon.a(env_common.o) (env_get_char_spec)
common/libcommon.a(env_sf.o)  common/libcommon.a(env_common_func.o) (sf_env_get_char_spec)
common/libcommon.a(exports.o)
                              arch/arm/lib/libarm.a(board.o) (jumptable_init)
common/libcommon.a(image.o)   common/libcommon.a(cmd_bootm.o) (image_check_hcrc)
common/libcommon.a(main.o)    common/libcommon.a(cmd_bootm.o) (show_boot_progress)
common/libcommon.a(miiphyutil.o)
                              net/libnet.a(eth.o) (miiphy_init)
common/libcommon.a(stdio.o)   common/libcommon.a(console.o) (stdio_get_list)
common/libcommon.a(usb.o)     common/libcommon.a(cmd_bootm.o) (usb_stop)
[...]
Memory Configuration

Name             Origin             Length             Attributes
*default*        0x00000000         0xffffffff

Linker script and memory map

                0x00000000                . = 0x0
                0x00000000                . = ALIGN (0x4)

.text           0x40800000    0x2cb50
                0x40800000                __text_start = .
 arch/arm/cpu/hi3531a/start.o(.text)
 .text          0x40800000     0x28c0 arch/arm/cpu/hi3531a/start.o
                0x40800000                _start
                0x40802040                _blank_zone_start
                0x40802044                _blank_zone_end
                0x40802054                _armboot_start
                0x40802058                _bss_start
                0x4080205c                _bss_end
                0x408025e0                v7_flush_dcache_all
                0x4080268c                init_registers
 drivers/ddr/ddr_training_impl.o(.text)
 .text          0x408028c0     0x197c drivers/ddr/ddr_training_impl.o
                0x40802a78                ddr_training_stat
                0x40802a7c                ddr_training_check_bypass
                0x40802a98                ddr_training_phy_disable
                0x40802aa8                ddr_training_get_base
                0x40802ae0                ddr_training_switch_axi
                0x40802b14                ddr_dmc_get_reversed
                0x40802b24                ddr_phy_cfg_update
                0x40802b54                ddr_training_save_reg
                0x40802c4c                ddr_training_restore_reg
                0x40802e40                ddr_phy_set_dq_bdl
                0x40802e9c                ddr_phy_get_dq_bdl
                0x40802ee0                ddr_phy_get_byte_num
                0x40802ef0                ddr_ddrt_init
                0x40802f9c                ddr_ddrt_test
                0x408030ac                ddr_hw_training
                0x40803138                ddr_mpr_check
                0x40803220                ddr_dataeye_check_dq
                0x408035a8                ddr_dataeye_deskew
                0x40803844                ddr_adjust_dataeye
                0x40803940                ddr_dataeye_training
                0x40803ae4                ddr_mpr_training
                0x40803cd0                ddr_write_leveling
                0x40803ff0                ddr_gate_training
 drivers/ddr/ddr_training_ctl.o(.text)
 .text          0x4080423c      0x1e4 drivers/ddr/ddr_training_ctl.o
                0x4080423c                ddr_sw_training_func
                0x4080441c                ddr_sw_training_if
 drivers/ddr/ddr_training_boot.o(.text)
 .text          0x40804420       0x18 drivers/ddr/ddr_training_boot.o
                0x40804420                ddr_result_data_save
                0x40804424                ddr_ddrt_get_test_addr
                0x4080442c                ddr_training_error
                0x40804430                ddr_training_suc
                0x40804434                ddr_training_start
 drivers/ddr/ddr_training_custom.o(.text)
 .text          0x40804438        0xc drivers/ddr/ddr_training_custom.o
                0x40804438                ddr_cmd_prepare_copy
                0x4080443c                ddr_cmd_site_save
                0x40804440                ddr_cmd_site_restore
                0x40804444                __init_end = .
                0x00000001                ASSERT (((__init_end - __text_start) < 0x5400), init sections too big!)
 *(.text)
 .text          0x40804444        0x0 arch/arm/cpu/hi3531a/hi3531a_message.o
 .text          0x40804444       0xc4 arch/arm/cpu/hi3531a/libhi3531a.a(uart.o)
                0x40804444                uart_early_init
                0x40804478                uart_early_puts
                0x408044a8                uart_early_put_hex
                0x408044ec                uart_early_putc
 .text          0x40804508       0x38 arch/arm/cpu/hi3531a/libhi3531a.a(lowlevel_init_v300.o)
                0x40804508                start_ddr_training
 .text          0x40804540       0x34 arch/arm/cpu/hi3531a/libhi3531a.a(chip.o)
                0x40804540                get_chipid_reg
                0x40804550                reset_cpu
 .text          0x40804574      0x20c arch/arm/lib/libarm.a(board.o)
                0x408045f0                coloured_LED_init
                0x408045f0                __coloured_LED_init
                0x408045f4                red_LED_on
                0x408045f4                __red_LED_on
                0x408045f8                __red_LED_off
                0x408045f8                red_LED_off
                0x408045fc                green_LED_on
                0x408045fc                __green_LED_on
                0x40804600                __green_LED_off
                0x40804600                green_LED_off
                0x40804604                __yellow_LED_on
                0x40804604                yellow_LED_on
                0x40804608                __yellow_LED_off
                0x40804608                yellow_LED_off
                0x4080460c                blue_LED_on
                0x4080460c                __blue_LED_on
                0x40804610                blue_LED_off
                0x40804610                __blue_LED_off
                0x40804614                hang
                0x40804628                start_armboot
 .text          0x40804780      0x260 arch/arm/lib/libarm.a(interrupts.o)
                0x40804780                enable_interrupts
                0x40804784                disable_interrupts
                0x4080478c                bad_mode
                0x408047a8                show_regs
                0x408048e4                do_undefined_instruction
                0x40804908                do_software_interrupt
                0x4080492c                do_prefetch_abort
                0x40804950                do_data_abort
                0x40804974                do_not_used
                0x40804998                do_fiq
                0x408049bc                do_irq
 .text          0x408049e0      0x13c net/libnet.a(eth.o)
                0x408049e0                eth_parse_enetaddr
                0x40804a38                eth_getenv_enetaddr
                0x40804a94                eth_setenv_enetaddr
                0x40804ac8                eth_getenv_enetaddr_by_index
                0x40804b0c                eth_initialize
 .text          0x40804b1c     0x13d4 net/libnet.a(net.o)
                0x40804b90                NetStartAgain
                0x40804c68                NetSetIcmpHandler
                0x40804c78                NetSetHandler
                0x40804c88                NetSetTimeout
                0x40804cb8                NetSendPacket
                0x40804cbc                NetCksum
                0x40804cec                NetCksumOk
                0x40804d0c                NetEthHdrSize
                0x40804d44                NetSetEther
                0x40804ddc                ArpRequest
                0x40804ed4                ArpTimeoutCheck
                0x40804f44                PingSend
                0x40805074                NetReceive
                0x40805624                NetSetIP
                0x40805700                NetSendUDPPacket
                0x408058f8                copy_filename
                0x40805940                ip_to_string
                0x40805978                VLAN_to_string
                0x408059bc                string_to_VLAN
                0x40805a04                getenv_VLAN
                0x40805a14                NetLoop
                0x40805e14                rstrip
                0x40805e54                lskip
                0x40805e80                find_char_or_comment
                0x40805ecc                strncpy0
 .text          0x40805ef0      0x174 net/libnet.a(rarp.o)
                0x40805f30                RarpRequest
 .text          0x40806064      0xbb8 net/libnet.a(tftp.o)
                0x40806888                print_IPaddr
                0x408068a4                TftpStart
 .text          0x40806c1c      0x6b8 net/libnet.a(udp.o)
                0x408071e4                UdpStart
 .text          0x408072d4      0x5ac net/libnet.a(bootp.o)
                0x40807648                BootpRequest
 .text          0x40807880       0x54 drivers/mtd/spi/libspi_flash.a(spi_compatible.o)
                0x40807880                spi_flash_probe
                0x408078a8                get_spiflash_info
                0x408078d0                spi_flash_free
 .text          0x408078d4      0x184 drivers/mtd/spi/hifmc100/libhifmcv100.a(hifmc100_os.o)
                0x40807944                hifmc100_spi_nor_probe
                0x40807a24                hifmc100_get_spi_nor_info
 .text          0x40807a58     0x101c drivers/mtd/spi/hifmc100/libhifmcv100.a(hifmc_spi_nor_ids.o)
                0x40807bb4                spi_general_get_flash_register
                0x40808108                spi_is_quad
                0x408086f8                hifmc_spi_nor_get_erase
                0x4080874c                hifmc_spi_nor_probe
 .text          0x40808a74      0x9b4 drivers/mtd/spi/hifmc100/libhifmcv100.a(hifmc100.o)
                0x40809240                hifmc100_read_ids
                0x408092d4                hifmc100_spi_nor_scan
                0x40809348                hifmc100_spi_nor_init
 .text          0x40809428      0xbd0 drivers/net/higmacv300/libhigmacv300.a(higmac.o)
                0x40809428                srandom
                0x40809440                random
                0x40809494                random_ether_addr
                0x408094ec                eth_rx
                0x408096c0                eth_send
                0x40809810                eth_init
                0x40809f9c                eth_halt
 .text          0x40809ff8      0x18c drivers/net/higmacv300/libhigmacv300.a(mdio.o)
                0x4080a134                higmac0_mdio_read
                0x4080a140                higmac1_mdio_read
                0x4080a14c                higmac0_mdio_write
                0x4080a158                higmac1_mdio_write
                0x4080a164                higmac_mdiobus_driver_init
                0x4080a180                higmac_mdiobus_driver_exit
 .text          0x4080a184      0x4b8 drivers/net/higmacv300/libhigmacv300.a(ctrl.o)
                0x4080a184                higmac_set_macif
                0x4080a1ec                higmac_hw_set_macaddress
                0x4080a230                higmac_hw_get_macaddress
                0x4080a270                higmac_clear_irqstatus
                0x4080a284                higmac_glb_preinit_dummy
                0x4080a2b0                higmac_external_phy_reset
                0x4080a2e8                higmac_sys_init
                0x4080a390                higmac_sys_exit
                0x4080a394                higmac_sys_allstop
                0x4080a398                higmac_set_hwq_depth
                0x4080a480                higmac_set_rx_fq_hwq_addr
                0x4080a4b0                higmac_set_rx_bq_hwq_addr
                0x4080a4e0                higmac_set_tx_bq_hwq_addr
                0x4080a510                higmac_set_tx_rq_hwq_addr
                0x4080a540                higmac_desc_enable
                0x4080a554                higmac_desc_disable
                0x4080a568                higmac_desc_flush
 .text          0x4080a63c       0xdc drivers/serial/libserial.a(serial_pl01x.o)
                0x4080a63c                serial_init
                0x4080a670                serial_putc
                0x4080a6b0                serial_puts
                0x4080a6d0                serial_getc
                0x4080a6fc                serial_tstc
                0x4080a714                serial_setbrg
 .text          0x4080a718       0x84 common/libcommon.a(cmd_boot.o)
                0x4080a718                do_go_exec
                0x4080a728                do_go
 .text          0x4080a79c      0xa8c common/libcommon.a(cmd_bootm.o)
                0x4080adec                arch_preboot_os
                0x4080adec                __arch_preboot_os
                0x4080adf0                do_bootm_subcommand
                0x4080afac                do_bootm
 .text          0x4080b228       0x70 common/libcommon.a(cmd_bzr.o)
                0x4080b228                do_buzzer
 .text          0x4080b298      0x388 common/libcommon.a(cmd_ddr_training_v2.o)
                0x4080b298                cmd_ddr_set_log_level
                0x4080b3ac                do_ddr_training
                0x4080b618                check_ddr_training
 .text          0x4080b620       0x30 common/libcommon.a(cmd_dec.o)
                0x4080b620                do_jpgd
 .text          0x4080b650      0x368 common/libcommon.a(cmd_fat.o)
                0x4080b650                do_fat_fsinfo
                0x4080b72c                do_fat_fsload
                0x4080b8ac                do_fat_ls
 .text          0x4080b9b8      0x23c common/libcommon.a(cmd_getinfo.o)
                0x4080b9b8                do_getinfo
 .text          0x4080bbf4       0x48 common/libcommon.a(cmd_help.o)
                0x4080bbf4                do_help
 .text          0x4080bc3c      0x97c common/libcommon.a(cmd_load.o)
                0x4080bd80                send_pad
                0x4080bdb0                ktrans
                0x4080bdd4                chk1
                0x4080bdfc                s1_sendpacket
                0x4080be24                send_ack
                0x4080be80                send_nack
                0x4080bedc                k_data_init
                0x4080bef4                k_data_save
                0x4080bf18                k_data_restore
                0x4080bf3c                k_data_char
                0x4080bf8c                handle_send_packet
                0x4080c150                do_load_serial_bin
 .text          0x4080c5b8      0x254 common/libcommon.a(cmd_logo.o)
                0x4080c5b8                do_logo
 .text          0x4080c80c      0x904 common/libcommon.a(cmd_mem.o)
                0x4080c80c                do_mem_loop
                0x4080c8f8                do_mem_md
                0x4080c9cc                do_mem_base
                0x4080ca0c                do_mem_mtest
                0x4080cbac                do_mem_mw
                0x4080cc68                do_mem_cmp
                0x4080cf50                do_mem_mm
                0x4080cf74                do_mem_cp
                0x4080d044                do_mem_crc
                0x4080d0ec                do_mem_nm
 .text          0x4080d110      0x7bc common/libcommon.a(cmd_mii.o)
                0x4080d160                MII_dump_0_to_5
                0x4080d428                do_mii
 .text          0x4080d8cc      0x770 common/libcommon.a(cmd_net.o)
                0x4080dc38                do_bootp
                0x4080dc44                do_tftp
                0x4080dc50                do_rarpb
                0x4080dc5c                do_ping
                0x4080dce4                do_query
                0x4080dfb8                do_udp
 .text          0x4080e03c      0x7c8 common/libcommon.a(cmd_nvedit.o)
                0x4080e03c                do_saveenv
                0x4080e06c                get_env_id
                0x4080e07c                envmatch
                0x4080e1d4                do_printenv
                0x4080e264                _do_setenv
                0x4080e66c                setenv
                0x4080e6b8                do_setenv
                0x4080e6e0                getenv
                0x4080e74c                getenv_r
 .text          0x4080e804      0x6e8 common/libcommon.a(cmd_sf.o)
 .text          0x4080eeec     0x112c common/libcommon.a(cmd_usb.o)
                0x4080eeec                do_usbboot
                0x4080f270                usb_get_class_desc
                0x4080f32c                usb_display_class_sub
                0x4080f4ac                usb_display_string
                0x4080f4e8                usb_display_desc
                0x4080f620                usb_display_conf_desc
                0x4080f6cc                usb_display_if_desc
                0x4080f754                usb_display_ep_desc
                0x4080f818                usb_display_config
                0x4080f894                usb_show_tree_graph
                0x4080faac                usb_show_tree
                0x4080fadc                do_usb
 .text          0x40810018       0x20 common/libcommon.a(cmd_version.o)
                0x40810018                do_version
 .text          0x40810038      0x730 common/libcommon.a(cmd_vo_hi3531a.o)
                0x40810038                do_startgx
                0x40810198                do_startvl
                0x4081030c                do_vobg
                0x408103a4                do_stopvo
                0x40810444                do_stopgx
                0x408104c0                do_stopvl
                0x40810550                check_vo_support
                0x40810664                do_startvo
 .text          0x40810768      0x810 common/libcommon.a(command.o)
                0x40810768                var_complete
                0x408107e4                find_cmd_tbl
                0x4081087c                find_cmd
                0x408108a4                cmd_usage
                0x408108c8                _do_help
                0x40810a4c                install_auto_complete
                0x40810a88                cmd_auto_complete
                0x40810f1c                cmd_get_data_size
 .text          0x40810f78      0x560 common/libcommon.a(console.o)
                0x40811018                serial_printf
                0x4081105c                fgetc
                0x40811080                ftstc
                0x408110a4                fputc
                0x408110c4                fputs
                0x408110e4                fprintf
                0x40811130                getc
                0x40811154                tstc
                0x40811178                putc
                0x4081119c                puts
                0x408111c0                printf
                0x40811204                vprintf
                0x40811238                ctrlc
                0x40811288                disable_ctrlc
                0x408112a0                had_ctrlc
                0x408112b0                clear_ctrlc
                0x408112c4                dbg
                0x408112d0                search_device
                0x40811300                console_assign
                0x40811344                console_init_f
                0x40811354                stdio_print_current_devices
                0x40811404                console_init_r
 .text          0x408114d8     0x1074 common/libcommon.a(dlmalloc.o)
                0x408114d8                sbrk
                0x40811514                mem_malloc_init
                0x40811538                malloc_trim
                0x408115f8                free
                0x40811820                malloc
                0x40811dd4                calloc
                0x40811eb0                realloc
                0x40812370                memalign
                0x4081247c                valloc
                0x40812488                pvalloc
                0x408124a0                cfree
                0x408124a4                malloc_usable_size
                0x408124e0                mallopt
 .text          0x4081254c      0x21c common/libcommon.a(download_process.o)
                0x408125ec                download_process
                0x40812724                download_boot
 .text          0x40812768      0x270 common/libcommon.a(env_common.o)
                0x40812768                env_crc_update
                0x40812790                env_get_char_memory
                0x408127b0                env_get_char
                0x408127e0                env_get_addr
                0x40812800                set_default_env
                0x40812840                env_relocate
                0x40812898                env_complete
 .text          0x408129d8      0x110 common/libcommon.a(env_common_func.o)
                0x408129d8                env_get_char_spec
                0x408129fc                saveenv
                0x40812a20                env_relocate_spec
                0x40812a3c                env_init
 .text          0x40812ae8      0x1d8 common/libcommon.a(env_sf.o)
                0x40812ae8                sf_env_get_char_spec
                0x40812af4                sf_saveenv
                0x40812bfc                sf_env_relocate_spec
                0x40812ca4                sf_env_init
 .text          0x40812cc0      0x194 common/libcommon.a(exports.o)
                0x40812cc4                get_version
                0x40812ccc                jumptable_init
 .text          0x40812e54      0x72c common/libcommon.a(image.o)
                0x40812e88                image_check_hcrc
                0x40812ed8                image_check_dcrc
                0x40812f14                image_multi_count
                0x40812f30                image_multi_getimg
                0x40812fb8                getenv_yesno
                0x40812fe0                getenv_bootm_low
                0x40813014                getenv_bootm_size
                0x40813048                memmove_wd
                0x40813054                genimg_print_size
                0x40813084                get_table_entry_name
                0x408130b0                genimg_get_os_name
                0x408130c8                genimg_get_arch_name
                0x408130e0                genimg_get_type_name
                0x408130f8                genimg_get_comp_name
                0x40813110                image_print_contents
                0x40813284                get_table_entry_id
                0x408132d4                genimg_get_os_id
                0x408132ec                genimg_get_arch_id
                0x40813304                genimg_get_type_id
                0x4081331c                genimg_get_comp_id
                0x40813334                genimg_get_format
                0x40813348                genimg_get_image
                0x4081334c                genimg_has_config
                0x40813354                boot_get_ramdisk
 .text          0x40813580     0x1298 common/libcommon.a(main.o)
                0x40813924                __show_boot_progress
                0x40813924                show_boot_progress
                0x40813928                readline_into_buffer
                0x4081424c                readline
                0x40814268                parse_line
                0x408142f0                run_command
                0x40814484                main_loop
                0x40814614                run_command_slave
 .text          0x40814818      0x828 common/libcommon.a(miiphyutil.o)
                0x408148d4                miiphy_init
                0x408148f0                miiphy_register
                0x408149cc                miiphy_set_current_dev
                0x40814a2c                miiphy_get_current_dev
                0x40814a44                miiphy_read
                0x40814b38                miiphy_write
                0x40814bc8                miiphy_listdev
                0x40814c34                miiphy_info
                0x40814cbc                miiphy_reset
                0x40814d5c                miiphy_is_1000base_x
                0x40814da0                miiphy_speed
                0x40814eb0                miiphy_duplex
                0x40814fec                miiphy_link
 .text          0x40815040      0x16c common/libcommon.a(stdio.o)
                0x40815040                stdio_get_list
                0x4081504c                stdio_get_by_name
                0x40815098                stdio_clone
                0x408150e8                stdio_register
                0x40815124                stdio_init
 .text          0x408151ac     0x185c common/libcommon.a(usb.o)
                0x4081521c                wait_ms
                0x40815240                usb_stop
                0x4081529c                usb_disable_asynch
                0x408152b4                usb_submit_int_msg
                0x408152e4                usb_control_msg
                0x408153fc                usb_bulk_msg
                0x408154bc                usb_maxpacket
                0x408154d8                usb_set_maxpacket
                0x4081553c                usb_parse_config
                0x408156f4                usb_clear_halt
                0x4081578c                usb_get_descriptor
                0x408157e8                usb_get_configuration_no
                0x40815894                usb_set_address
                0x408158d4                usb_set_interface
                0x4081598c                usb_set_configuration
                0x408159f0                usb_set_protocol
                0x40815a44                usb_set_idle
                0x40815aa0                usb_get_report
                0x40815b04                usb_get_class_descriptor
                0x40815b68                usb_get_string
                0x40815ce8                usb_string
                0x40815de8                usb_get_dev_index
                0x40815e14                usb_alloc_new_device
                0x40815ea4                usb_free_device
                0x40815ef0                usb_scan_devices_debug
                0x40815f44                usb_get_hub_descriptor
                0x40815f9c                usb_clear_hub_feature
                0x40815fec                usb_clear_port_feature
                0x40816040                usb_set_port_feature
                0x40816094                usb_get_hub_status
                0x408160e4                usb_get_port_status
                0x40816278                usb_hub_allocate
                0x408162c0                usb_hub_configure
                0x408164cc                usb_new_device
                0x408167f4                usb_init
                0x40816904                usb_hub_port_connect_change
 .text          0x40816a08     0x14dc common/libcommon.a(usb_storage.o)
                0x40816cc8                usb_stor_get_dev
                0x40816cec                usb_show_progress
                0x40816cf8                usb_stor_read
                0x40816ee4                usb_stor_write
                0x408170d0                usb_stor_info
                0x4081713c                usb_stor_BBB_comdat
                0x40817218                usb_stor_CB_comdat
                0x40817440                usb_stor_CBI_get_status
                0x408174e4                usb_stor_CB_transport
                0x408176dc                usb_stor_BBB_clear_endpt_stall
                0x40817728                usb_stor_BBB_transport
                0x40817918                usb_storage_probe
                0x40817b28                usb_stor_get_info
                0x40817d8c                usb_stor_scan
 .text          0x40817ee4      0x8bc common/libcommon.a(xyzModem.o)
                0x40817ee4                CYGACC_COMM_IF_GETC_TIMEOUT
                0x408181c0                CYGACC_COMM_IF_PUTC
                0x408181c8                parse_num
                0x40818300                xyzModem_stream_open
                0x4081844c                xyzModem_stream_read
                0x40818698                xyzModem_stream_close
                0x408186ec                xyzModem_stream_terminate
                0x40818780                xyzModem_error
 .text          0x408187a0       0x84 product/libproduct.a(sample.o)
                0x408187a0                product_control
                0x408187a8                update_hdmi_status
 .text          0x40818824      0x4d8 ./product/hiosd/vo/hi3531a/libvo.a(vou.o)
                0x40818824                set_vobg
                0x4081883c                VouSetDispMaxSize
                0x4081887c                start_vo
                0x408189e4                stop_vo
                0x40818a04                start_gx
                0x40818b10                stop_gx
                0x40818b50                start_videolayer
                0x40818cb8                stop_videolayer
 .text          0x40818cfc     0x1030 ./product/hiosd/vo/hi3531a/libvo.a(vou_drv.o)
                0x40818cfc                VOU_DRV_WriteReg
                0x40818d00                VOU_DRV_ReadReg
                0x40818d14                VOU_DRV_DacSwitch
                0x40818d18                VOU_DRV_IntRegUpMode
                0x40818d1c                VOU_DRV_SetDevIntfType
                0x40818d34                VOU_DRV_SetDevBkGrd
                0x40818d4c                VOU_DRV_SetDevOutSync
                0x40818d64                VOU_DRV_DateSetting
                0x40818f9c                VOU_DRV_DevIntEnable
                0x40818fd8                VOU_DRV_IntSetMode
                0x40818fdc                VOU_DRV_LayerEnable
                0x40818fe0                VOU_DRV_SetLayerBkGrd
                0x40818ff4                VOU_DRV_SetLayerDataFmt
                0x40818ff8                VOU_DRV_CalcCscMatrix
                0x408193d8                VOU_DRV_GraphicsSetCscCoef
                0x40819450                VOU_DRV_VGACscConfig
                0x40819490                VOU_DRV_DefLayerBindDev
                0x40819518                VOU_DRV_SetDevClk
                0x40819714                VOU_DRV_SetVgaGc
                0x40819718                VouDrvGetDevVtth
                0x4081976c                VOU_DRV_Open
                0x40819be0                VOU_DRV_Close
                0x40819c80                VOU_DRV_DefaultSetting
                0x40819d1c                VOU_DRV_BoardInit
 .text          0x40819d2c     0x3ea0 ./product/hiosd/vo/hi3531a/libvo.a(vou_hal.o)
                0x40819d64                HAL_VOU_Init
                0x40819d7c                HAL_VOU_Exit
                0x40819d80                HAL_WriteReg
                0x40819d88                HAL_ReadReg
                0x40819d90                SYS_HAL_DDRConifg
                0x40819ed0                SYS_HAL_SelVoVgaPinConifg
                0x40819ef0                SYS_HAL_SelVoHdmiPinConifg
                0x40819f24                SYS_HAL_SetVoHdmiReset
                0x40819f48                SYS_HAL_VouHdDacClkEn
                0x40819f7c                SYS_HAL_SelVoHdDacClk
                0x40819f98                SYS_HAL_VouBt1120ClkSel
                0x40819fb8                SYS_HAL_VouHdPllSel
                0x40819ffc                SYS_HAL_VouBt1120ClkEn
                0x4081a024                SYS_HAL_SelVoHDMIClk
                0x4081a040                SYS_HAL_VouSdDacClkEn
                0x4081a074                SYS_HAL_SelVoClk
                0x4081a094                SYS_HAL_VouSdClkSel
                0x4081a0b4                SYS_HAL_SelVoSdClkDiv
                0x4081a0d0                SYS_HAL_VouBusResetSel
                0x4081a104                SYS_HAL_VouBusClkEn
                0x4081a12c                SYS_HAL_VouDevClkEn
                0x4081a178                SYS_HAL_VouHdOutClkSel
                0x4081a194                SYS_HAL_VouWorkClkEn
                0x4081a1b0                SYS_HAL_SetVoPllFrac
                0x4081a238                SYS_HAL_SetVoPllPostdiv1
                0x4081a280                SYS_HAL_SetVoPllPostdiv2
                0x4081a2c8                SYS_HAL_SetVoPllRefdiv
                0x4081a310                SYS_HAL_SetVoPllFbdiv
                0x4081a358                HAL_SYS_Control
                0x4081a388                HAL_SYS_SetAxiMaster
                0x4081a44c                HAL_GetXDC_BUMA
                0x4081a464                HAL_Conver_CscCoef
                0x4081a488                Vou_GetAbsAddr
                0x4081a524                Vou_GetChnAbsAddr
                0x4081a560                Vou_GetIntfAbsAddr
                0x4081a5d0                HAL_GetBkg_BUMA
                0x4081a5d8                HAL_SYS_SetOutstanding
                0x4081a664                HAL_SYS_SetRdBusId
                0x4081a668                HAL_DISP_SetIntfEnable
                0x4081a6e0                HAL_DISP_SetIntfSync
                0x4081a970                HAL_DISP_SetIntfSyncInv
                0x4081a9f8                HAL_DISP_SetIntfMuxDefaultSel
                0x4081aa5c                HAL_DISP_SetIntfMuxSel
                0x4081ab28                HAL_DISP_SetIntfDacEnable
                0x4081ac10                HAL_DISP_VgaDacEn
                0x4081ac7c                HAL_DISP_CvbsDacEn
                0x4081acdc                HAL_DISP_SetVgaGc
                0x4081ad50                HAL_DISP_SetCvbsGc
                0x4081adb0                HAL_DISP_SetIntfCSCEn
                0x4081adf4                HAL_DISP_SetIntfCscCoef
                0x4081afe8                HAL_DISP_SetIntfClip
                0x4081b0c4                HAL_DISP_SetVtThdMode
                0x4081b140                HAL_DISP_SetVtThd
                0x4081b1bc                HAL_DISP_SetIntMask
                0x4081b1f4                HAL_DISP_ClrIntMask
                0x4081b22c                HAL_DISP_ClearIntStatus
                0x4081b244                HAL_DISP_SetClkGateEnable
                0x4081b27c                HAL_DISP_DATE_OutCtrl
                0x4081b2cc                HAL_DISP_SetDateCoeff
                0x4081b318                HAL_DISP_SetDateCoeff22
                0x4081b37c                HAL_DISP_SetDateCoeff24
                0x4081b3c4                HAL_DISP_SetDateCoeff50
                0x4081b40c                HAL_DISP_SetDateCoeff51
                0x4081b454                HAL_DISP_SetDateCoeff52
                0x4081b49c                HAL_DISP_SetDateCoeff53
                0x4081b4e4                HAL_DISP_SetDateCoeff54
                0x4081b52c                HAL_DISP_SetDateCoeff55
                0x4081b574                HAL_DISP_SetDateCoeff57
                0x4081b5bc                HAL_DISP_SetDateCoeff61
                0x4081b604                HAL_DISP_SetDateCoeffByIdx
                0x4081b63c                VOU_HAL_Conver_DateCoef
                0x4081b64c                VOU_HAL_DISP_SetDateNotchCoeff
                0x4081b760                HAL_DISP_SetRegUp
                0x4081b7c0                HAL_VIDEO_SetLayerUpMode
                0x4081b828                HAL_VIDEO_SetIfirMode
                0x4081b8a0                HAL_VIDEO_SetIfirCoef
                0x4081ba24                HAL_VIDEO_SetLayerDispRect
                0x4081bbe4                HAL_VIDEO_SetLayerVideoRect
                0x4081bda8                HAL_VIDEO_SetMultiAreaLAddr
                0x4081be60                HAL_VIDEO_SetMultiAreaCAddr
                0x4081bf18                HAL_VIDEO_SetMultiAreaEnable
                0x4081bfc4                HAL_VIDEO_SetMultiAreaReso
                0x4081c034                HAL_VIDEO_SetMultiAreaRect
                0x4081c104                HAL_LAYER_EnableLayer
                0x4081c1c0                HAL_LAYER_SetLayerDataFmt
                0x4081c280                HAL_LAYER_SetCscCoef
                0x4081c794                HAL_LAYER_SetCscEn
                0x4081c80c                HAL_LAYER_SetLayerInRect
                0x4081c8a8                HAL_LAYER_SetLayerOutRect
                0x4081c930                HAL_LAYER_SetLayerGalpha
                0x4081c9fc                HAL_LAYER_SetZmeEnable
                0x4081cd80                HAL_LAYER_SetZmeFirEnable
                0x4081d008                HAL_LAYER_SetZmeMscEnable
                0x4081d290                HAL_LAYER_SetZmeVerType
                0x4081d2f4                HAL_LAYER_SetVerRatio
                0x4081d3bc                HAL_LAYER_SetRegUp
                0x4081d450                HAL_GRAPHIC_SetGfxAddr
                0x4081d4bc                HAL_GRAPHIC_SetGfxStride
                0x4081d53c                HAL_GRAPHIC_SetGfxExt
                0x4081d5a8                HAL_GRAPHIC_SetGfxPreMult
                0x4081d618                HAL_GRAPHIC_SetGfxPalpha
                0x4081d738                HAL_GRAPHIC_SetGfxPalphaRange
                0x4081d7a8                HAL_CBM_SetCbmAttr
                0x4081d868                HAL_CBM_SetCbmBkg
                0x4081d930                HAL_CBM_SetCbmMixerPrio
 .text          0x4081dbcc        0x0 ./product/hiosd/vo/hi3531a/libvo.a(vou_coef_org.o)
 .text          0x4081dbcc      0x4bc ./product/hiosd/hdmi/hi3531a/libhdmi.a(hdmi.o)
                0x4081dbcc                hdmi_display
                0x4081dfac                hdmi_stop
                0x4081e018                HI_DRV_HDMI_UpdateStatus
 .text          0x4081e088      0x14c ./product/hiosd/hdmi/hi3531a/libhdmi.a(de.o)
                0x4081e088                UpdateTX_656
 .text          0x4081e1d4      0x15c ./product/hiosd/hdmi/hi3531a/libhdmi.a(drv_hlviic.o)
                0x4081e1d4                ReadByte_8BA
                0x4081e1f4                WriteByte_8BA
                0x4081e210                ReadWord_8BA
                0x4081e254                WriteWord_8BA
                0x4081e28c                RegSetBit
                0x4081e2c8                HdmiHardwareReset
 .text          0x4081e330      0x158 ./product/hiosd/hdmi/hi3531a/libhdmi.a(eeprom.o)
                0x4081e330                BlockReadEEPROM
                0x4081e360                BlockWriteEEPROM
                0x4081e390                ReadByteEEPROM
                0x4081e3a0                WriteByteEEPROM
                0x4081e3b0                ReadWordEEPROM
                0x4081e3c8                WriteWordEEPROM
                0x4081e3e0                CheckVersionID
                0x4081e3fc                WriteDefaultConfigToEEPROM
 .text          0x4081e488      0x4b0 ./product/hiosd/hdmi/hi3531a/libhdmi.a(hdmitx.o)
                0x4081e488                SI_TX_PHY_PowerDown
                0x4081e4ac                SI_TX_PHY_SetDeepColor
                0x4081e4e0                SI_TX_PHY_SwingCtrl
                0x4081e538                SI_TX_PHY_EnableHdmiOutput
                0x4081e554                SI_TX_PHY_DisableHdmiOutput
                0x4081e570                HW_ResetHDMITX
                0x4081e794                AssertHDMITX_SWReset
                0x4081e7c4                ReleaseHDMITX_SWReset
                0x4081e7f0                SW_ResetHDMITX
                0x4081e84c                WakeUpHDMITX
                0x4081e890                SetIClk
                0x4081e8c4                TX_SetHDMIMode
                0x4081e910                SI_HPD_Status
                0x4081e92c                DelayMS
 .text          0x4081e938      0x210 ./product/hiosd/hdmi/hi3531a/libhdmi.a(infofrm.o)
                0x4081e938                GetInfoFrameMapAddr
                0x4081e99c                EnableInfoFrame
                0x4081e9f4                SendAVIInfoFrame
                0x4081eb2c                SendInfoFramex
 .text          0x4081eb48      0x6a0 ./product/hiosd/hdmi/hi3531a/libhdmi.a(txvidp.o)
                0x4081eb48                ConfigTXVideoMode
                0x4081ebf4                SetDeepColor
                0x4081ed00                siiGetVideoPath
                0x4081ed60                SiI_Mpll_setup
                0x4081ee0c                SiI_FApost_setup
                0x4081eecc                SiI_TMDS_setup
                0x4081f114                siiSetVideoPath
 .text          0x4081f1e8        0x0 ./product/hiosd/hdmi/hi3531a/libhdmi.a(txvptbl.o)
 .text          0x4081f1e8        0x0 ./product/hiosd/hdmi/hi3531a/libhdmi.a(vmtables.o)
 .text          0x4081f1e8       0xe4 ./product/hiosd/dec/libjpegd.a(jpegd.o)
                0x4081f1e8                jpeg_decode
                0x4081f204                load_jpeg
 .text          0x4081f2cc     0x179c ./product/hiosd/dec/libjpegd.a(hi_JpegDecode.o)
                0x4081f2cc                InitTag
                0x4081f7bc                InitTable
                0x4081f948                GetYUV
                0x4081fa98                StoreBuffer
                0x4081fc98                ReadByte
                0x4081fcc8                DecodeElement
                0x4081fee4                HufBlock
                0x4081ffb4                DecodeMCUBlock
                0x408201fc                Initialize_Fast_IDCT
                0x40820254                idctrow
                0x408203d8                idctcol
                0x40820614                Fast_IDCT
                0x40820650                IQtIZzBlock
                0x40820734                IQtIZzMCUComponent
                0x40820830                Decode
                0x408209a4                LoadJpegFile
 .text          0x40820a68      0x1cc board/hi3531a/libhi3531a.a(board.o)
                0x40820a68                get_boot_media
                0x40820a78                mdelay
                0x40820a9c                buzzer_notify
                0x40820b2c                boot_flag_init
                0x40820b9c                board_init
                0x40820bf4                misc_init_r
                0x40820c14                dram_init
 .text          0x40820c34       0x44 lib/libgeneric.a(crc16.o)
                0x40820c34                cyg_crc16
 .text          0x40820c78       0xf0 lib/libgeneric.a(crc32.o)
                0x40820c78                crc32_no_comp
                0x40820d50                crc32
                0x40820d64                crc32_wd
 .text          0x40820d68        0x0 lib/libgeneric.a(ctype.o)
 .text          0x40820d68      0x2b8 lib/libgeneric.a(display_options.o)
                0x40820d68                display_options
                0x40820d88                print_size
                0x40820ec8                print_buffer
 .text          0x40821020       0xd0 lib/libgeneric.a(div64.o)
                0x40821020                __div64_32
 .text          0x408210f0      0x1d0 lib/libgeneric.a(gunzip.o)
                0x408210f0                zalloc
                0x40821100                zfree
                0x40821108                zunzip
                0x408211f8                gunzip
 .text          0x408212c0       0x64 lib/libgeneric.a(net_utils.o)
                0x408212c0                string_to_ip
 .text          0x40821324      0x5b8 lib/libgeneric.a(string.o)
                0x40821324                strcpy
                0x4082133c                strncpy
                0x40821360                strcat
                0x4082138c                strncat
                0x408213e4                strcmp
                0x4082140c                strncmp
                0x4082144c                strchr
                0x40821478                strlen
                0x40821498                strrchr
                0x408214d4                strnlen
                0x40821504                strdup
                0x40821540                strspn
                0x4082157c                strpbrk
                0x408215b8                strtok
                0x40821640                strsep
                0x40821678                strswab
                0x408216c0                memset
                0x40821720                bcopy
                0x40821740                memcpy
                0x40821798                memmove
                0x408217e4                memcmp
                0x40821818                memscan
                0x40821844                strstr
                0x408218ac                memchr
 .text          0x408218dc       0x30 lib/libgeneric.a(time.o)
                0x408218dc                udelay
 .text          0x4082190c      0xe60 lib/libgeneric.a(vsprintf.o)
                0x40821e10                simple_strtoul
                0x40821ec8                simple_strtol
                0x40821ef0                ustrtoul
                0x40821f60                simple_strtoull
                0x4082203c                vsprintf
                0x40822658                sprintf
                0x40822680                panic
                0x408226d0                ultohstr
 .text          0x4082276c     0x255c lib/libgeneric.a(zlib.o)
                0x4082276c                zcalloc
                0x40822774                zcfree
                0x4082277c                inflate_fast
                0x40822cdc                inflate_table
                0x4082323c                inflateReset
                0x408232dc                inflateInit2_
                0x408233e0                inflateInit_
                0x408233f4                inflateEnd
                0x40823478                adler32
                0x408237bc                inflate
 .text          0x40824cc8      0x6bc drivers/ddr/libddr.a(ddr_cmd_ctl.o)
                0x40824cc8                ddr_cmd_result_display
                0x40825178                ddr_reg_result_display
                0x4082529c                ddr_cmd_get_entry
                0x40825338                ddr_cmd_training_if
 .text          0x40825384        0x0 drivers/ddr/libddr.a(ddr_cmd_loc.o)
 .text          0x40825384      0x298 arch/arm/cpu/hi3531a/hi3531a/libhi3531a.a(timer.o)
                0x40825384                reset_timer_masked
                0x408253a4                timer_init
                0x408253e4                reset_timer
                0x408253e8                get_timer_masked
                0x40825420                get_timer
                0x40825434                set_timer
                0x40825444                get_ticks
                0x40825454                get_tbclk
                0x40825494                __udelay
                0x40825560                udelay_masked
 .text          0x4082561c      0x1a0 arch/arm/lib/libarm.a(bootm.o)
                0x4082561c                do_bootm_linux
 .text          0x408257bc        0x4 arch/arm/lib/libarm.a(cache.o)
                0x408257bc                flush_cache
 .text          0x408257c0       0x68 arch/arm/lib/libarm.a(process.o)
                0x408257c0                add_shutdown
                0x408257f4                do_shutdown
 .text          0x40825828       0x30 arch/arm/lib/libarm.a(reset.o)
                0x40825828                do_reset
 .text          0x40825858     0x1218 fs/fat/libfat.a(fat.o)
                0x40825a1c                disk_read
                0x40825ed4                fat_register_device
                0x40825fbc                do_fat_read
                0x408268d4                file_fat_detectfs
                0x40826a28                file_fat_ls
                0x40826a38                file_fat_read
 .text          0x40826a70      0x380 disk/libdisk.a(part.o)
                0x40826a70                get_dev
                0x40826ad0                dev_print
                0x40826cd0                init_part
                0x40826cec                get_partition_info
                0x40826d14                print_part
 .text          0x40826df0      0x4c4 disk/libdisk.a(part_dos.o)
                0x40827218                test_part_dos
                0x40827268                print_part_dos
                0x40827294                get_partition_info_dos
 .text          0x408272b4      0x1c0 drivers/mtd/libmtd.a(hifmc_common.o)
                0x408272b4                hifmc_ip_ver_check
                0x40827314                hifmc_dev_type_switch
                0x4082737c                ulltostr
                0x40827418                debug_register_dump
 .text          0x40827474       0xac drivers/mtd/libmtd.a(hifmc_hi3531a.o)
                0x40827474                hifmc_set_fmc_system_clock
                0x408274b8                hifmc_get_fmc_best_clock
 .text          0x40827520     0x1878 drivers/usb/host/hiusb/libhiusb.a(hiusb-ohci.o)
                0x408277c4                sohci_submit_job
                0x40827da8                rh_check_port_status
                0x40827dfc                submit_common_msg
                0x408283d4                submit_bulk_msg
                0x408283f0                submit_control_msg
                0x40828a2c                submit_int_msg
                0x40828a34                usb_lowlevel_init
                0x40828d68                usb_lowlevel_stop
 .text          0x40828d98      0xf78 drivers/usb/host/hiusb/libhiusb.a(xhci.o)
                0x40828eec                xhci_reset
                0x40828f74                usb_alloc_device
                0x40829018                xhci_check_maxpacket
                0x408290d8                submit_int_msg_ex
                0x408290e0                submit_bulk_msg_ex
                0x40829120                submit_control_msg_ex
                0x40829914                xhci_hcd_init
                0x40829934                hiusb_start_hcd
                0x40829aac                hiusb_stop_hcd
                0x40829ae0                usb_lowlevel_init_ex
                0x40829cc4                usb_lowlevel_stop_ex
 .text          0x40829d10      0x7f8 drivers/usb/host/hiusb/libhiusb.a(xhci-mem.o)
                0x40829db0                xhci_flush_cache
                0x40829e88                xhci_inval_cache
                0x40829e8c                xhci_cleanup
                0x40829f6c                xhci_ring_alloc
                0x4082a010                xhci_alloc_virt_device
                0x4082a10c                xhci_mem_init
                0x4082a2b8                xhci_get_input_control_ctx
                0x4082a2c0                xhci_get_slot_ctx
                0x4082a2f4                xhci_get_ep_ctx
                0x4082a324                xhci_endpoint_copy
                0x4082a378                xhci_slot_copy
                0x4082a3bc                xhci_setup_addressable_virt_dev
 .text          0x4082a508      0xbc8 drivers/usb/host/hiusb/libhiusb.a(xhci-ring.o)
                0x4082a7ec                xhci_queue_command
                0x4082a864                xhci_acknowledge_event
                0x4082a938                xhci_wait_for_event
                0x4082aa98                xhci_bulk_tx
                0x4082ada0                xhci_ctrl_tx
 .text          0x4082b0d0      0xa94 lib/libgeneric.a(vsnprintf.o)
                0x4082bae8                snprintf
                0x4082bb30                vsnrprintf
 .text          0x4082bb64       0x24 arch/arm/cpu/hi3531a/libhi3531a.a(cpu.o)
                0x4082bb64                cleanup_before_linux
 .text          0x4082bb88       0xf4 arch/arm/lib/libarm.a(cache-cp15.o)
                0x4082bbb8                icache_enable
                0x4082bbd0                icache_disable
                0x4082bbe8                icache_status
                0x4082bbf4                dcache_enable
                0x4082bc0c                dcache_disable
                0x4082bc24                dcache_status
                0x4082bc30                enable_mmu
                0x4082bc60                stop_mmu
 .text          0x4082bc7c      0x1a4 arch/arm/lib/libarm.a(mmu.o)
                0x4082bc7c                mmu_pagedir_init
                0x4082bc98                mmu_pagedir_cached_range
                0x4082bcb8                mmu_pagedir_nocached_range
                0x4082bce8                flush_cache_off
                0x4082bcfc                mmu_startup
                0x4082bd38                mmu_turnoff
                0x4082bd50                dcache_stop
                0x4082bd60                dcache_start
                0x4082bd70                dcache_stop_noflush
                0x4082bd80                dcache_flush_all
                0x4082bdcc                dcache_inv_all
 .text          0x4082be20       0x20 /nfs/opt/U-BOOT/u-boot/u-boot-2010.06/arch/arm/lib/eabi_compat.o
                0x4082be20                raise
                0x4082be3c                __aeabi_unwind_cpp_pr0
 .text          0x4082be40      0x20c /sdb/arm-hisiv300/bin/../lib/gcc/arm-hisiv300-linux-uclibcgnueabi/4.8.3/libgcc.a(_udivsi3.o)
                0x4082be40                __udivsi3
                0x4082be40                __aeabi_uidiv
                0x4082c02c                __aeabi_uidivmod
 .text          0x4082c04c      0x240 /sdb/arm-hisiv300/bin/../lib/gcc/arm-hisiv300-linux-uclibcgnueabi/4.8.3/libgcc.a(_divsi3.o)
                0x4082c04c                __aeabi_idiv
                0x4082c04c                __divsi3
                0x4082c26c                __aeabi_idivmod
 .text          0x4082c28c       0x1c /sdb/arm-hisiv300/bin/../lib/gcc/arm-hisiv300-linux-uclibcgnueabi/4.8.3/libgcc.a(_lshrdi3.o)
                0x4082c28c                __aeabi_llsr
                0x4082c28c                __lshrdi3
 .text          0x4082c2a8       0x1c /sdb/arm-hisiv300/bin/../lib/gcc/arm-hisiv300-linux-uclibcgnueabi/4.8.3/libgcc.a(_ashldi3.o)
                0x4082c2a8                __ashldi3
                0x4082c2a8                __aeabi_llsl
 .text          0x4082c2c4      0x3b8 /sdb/arm-hisiv300/bin/../lib/gcc/arm-hisiv300-linux-uclibcgnueabi/4.8.3/libgcc.a(_arm_addsubdf3.o)
                0x4082c2c4                __aeabi_drsub
                0x4082c2cc                __aeabi_dsub
                0x4082c2cc                __subdf3
                0x4082c2d0                __adddf3
                0x4082c2d0                __aeabi_dadd
                0x4082c57c                __aeabi_ui2d
                0x4082c57c                __floatunsidf
                0x4082c5a0                __floatsidf
                0x4082c5a0                __aeabi_i2d
                0x4082c5c8                __extendsfdf2
                0x4082c5c8                __aeabi_f2d
                0x4082c608                __aeabi_ul2d
                0x4082c608                __floatundidf
                0x4082c61c                __floatdidf
                0x4082c61c                __aeabi_l2d
 .text          0x4082c67c      0x470 /sdb/arm-hisiv300/bin/../lib/gcc/arm-hisiv300-linux-uclibcgnueabi/4.8.3/libgcc.a(_arm_muldivdf3.o)
                0x4082c67c                __aeabi_dmul
                0x4082c67c                __muldf3
                0x4082c8e8                __aeabi_ddiv
                0x4082c8e8                __divdf3
 .text          0x4082caec       0x54 /sdb/arm-hisiv300/bin/../lib/gcc/arm-hisiv300-linux-uclibcgnueabi/4.8.3/libgcc.a(_arm_fixunsdfsi.o)
                0x4082caec                __fixunsdfsi
                0x4082caec                __aeabi_d2uiz
 .text          0x4082cb40       0x10 /sdb/arm-hisiv300/bin/../lib/gcc/arm-hisiv300-linux-uclibcgnueabi/4.8.3/libgcc.a(_dvmd_lnx.o)
                0x4082cb40                __aeabi_ldiv0
                0x4082cb40                __aeabi_idiv0

.glue_7         0x4082cb50        0x0
 .glue_7        0x00000000        0x0 linker stubs

.glue_7t        0x4082cb50        0x0
 .glue_7t       0x00000000        0x0 linker stubs

.vfp11_veneer   0x4082cb50        0x0
 .vfp11_veneer  0x00000000        0x0 linker stubs

.v4_bx          0x4082cb50        0x0
 .v4_bx         0x00000000        0x0 linker stubs

.iplt           0x4082cb50        0x0
 .iplt          0x00000000        0x0 arch/arm/cpu/hi3531a/start.o

.text.unlikely  0x4082cb50      0x3c0
 .text.unlikely
                0x4082cb50      0x3c0 drivers/ddr/libddr.a(ddr_cmd_ctl.o)
                0x4082cf10                . = ALIGN (0x4)
                0x00000090                __setting_message_start = 0x90

.message        0x4082cf10        0x8
 arch/arm/cpu/hi3531a/hi3531a_message.o(.message)
 .message       0x4082cf10        0x8 arch/arm/cpu/hi3531a/hi3531a_message.o
                0x4082cf10                _setting_message_start
                0x4082cf14                _setting_message_end
                0x000000a0                __setting_message_end = 0xa0
                0x4082cf18                . = ALIGN (0x4)

.rodata         0x4082cf18     0x9306
 *(SORT(.rodata*))
 .rodata        0x4082cf18       0x80 arch/arm/lib/libarm.a(interrupts.o)
 .rodata        0x4082cf98      0x184 drivers/mtd/spi/hifmc100/libhifmcv100.a(hifmc_spi_nor_ids.o)
 .rodata        0x4082d11c       0x44 drivers/net/higmacv300/libhigmacv300.a(higmac.o)
 .rodata        0x4082d160       0x4c common/libcommon.a(cmd_bootm.o)
 .rodata        0x4082d1ac        0x8 common/libcommon.a(cmd_bzr.o)
 .rodata        0x4082d1b4       0x20 common/libcommon.a(cmd_getinfo.o)
 .rodata        0x4082d1d4        0xc common/libcommon.a(cmd_usb.o)
 .rodata        0x4082d1e0       0x20 common/libcommon.a(xyzModem.o)
 .rodata        0x4082d200      0x38c ./product/hiosd/vo/hi3531a/libvo.a(vou_coef_org.o)
                0x4082d200                COS_TABLE
                0x4082d2f4                SIN_TABLE
                0x4082d3e8                g_stCSC_Init
                0x4082d424                g_stCSC_YUV2YUV_709_601
                0x4082d460                g_stCSC_YUV2YUV_601_709
                0x4082d49c                g_stCSC_YUV7092RGB_pc
                0x4082d4d8                g_stCSC_YUV6012RGB_pc
                0x4082d514                g_stCSC_RGB2YUV709_pc
                0x4082d550                g_stCSC_RGB2YUV601_pc
 .rodata        0x4082d58c       0x2c ./product/hiosd/hdmi/hi3531a/libhdmi.a(txvptbl.o)
                0x4082d58c                inMode
                0x4082d5a8                inYC656_24
                0x4082d5ab                inYCMuxed656_12
                0x4082d5ae                inYCMuxed12
                0x4082d5b1                inYC24
                0x4082d5b4                inYCbCr24
                0x4082d5b6                inRGBDVO12
                0x4082d5b7                inRGB24
 .rodata        0x4082d5b8     0x12ec ./product/hiosd/hdmi/hi3531a/libhdmi.a(vmtables.o)
                0x4082d5b8                VModeTables
                0x4082e868                N_Val
 .rodata        0x4082e8a4      0x100 ./product/hiosd/dec/libjpegd.a(hi_JpegDecode.o)
                0x4082e8a4                Zig_Zag
 .rodata        0x4082e9a4      0x400 lib/libgeneric.a(crc32.o)
 .rodata        0x4082eda4       0x3c lib/libgeneric.a(vsprintf.o)
                0x4082edb4                hex_asc
 .rodata        0x4082ede0      0x9cc lib/libgeneric.a(zlib.o)
                0x4082f784                z_errmsg
 .rodata        0x4082f7ac       0x10 disk/libdisk.a(part.o)
 .rodata        0x4082f7bc       0x14 drivers/mtd/libmtd.a(hifmc_common.o)
 .rodata        0x4082f7d0       0x28 drivers/mtd/libmtd.a(hifmc_hi3531a.o)
 .rodata        0x4082f7f8       0x40 drivers/usb/host/hiusb/libhiusb.a(hiusb-ohci.o)
 .rodata        0x4082f838      0x200 common/libcommon.a(download_process.o)
 .rodata        0x4082fa38       0x78 ./product/hiosd/vo/hi3531a/libvo.a(vou.o)
 .rodata        0x4082fab0       0x24 ./product/hiosd/vo/hi3531a/libvo.a(vou_drv.o)
 .rodata        0x4082fad4       0x10 ./product/hiosd/hdmi/hi3531a/libhdmi.a(txvidp.o)
 .rodata        0x4082fae4      0x200 lib/libgeneric.a(crc16.o)
 .rodata        0x4082fce4       0x28 arch/arm/lib/libarm.a(board.o)
                0x4082fce4                version_string
 .rodata        0x4082fd0c        0x7 net/libnet.a(net.o)
 .rodata        0x4082fd13        0x9 net/libnet.a(tftp.o)
 .rodata        0x4082fd1c       0xa6 drivers/mtd/spi/hifmc100/libhifmcv100.a(hifmc100.o)
 .rodata        0x4082fdc2       0x16 common/libcommon.a(command.o)
 .rodata        0x4082fdd8       0x12 common/libcommon.a(usb_storage.o)
 .rodata        0x4082fdea      0x4af ./product/hiosd/vo/hi3531a/libvo.a(vou_hal.o)
 .rodata        0x40830299       0x1e ./product/hiosd/hdmi/hi3531a/libhdmi.a(hdmi.o)
 .rodata        0x408302b7       0x15 ./product/hiosd/dec/libjpegd.a(jpegd.o)
                0x408302b7                hilogo_magic_str
 .rodata        0x408302cc        0x6 lib/libgeneric.a(display_options.o)
 .rodata        0x408302d2       0x3a drivers/usb/host/hiusb/libhiusb.a(xhci.o)
 .rodata        0x4083030c       0x25 lib/libgeneric.a(vsnprintf.o)
                0x4083030c                hex2ascii_data
 .rodata.str1.1
                0x40830331       0x53 arch/arm/lib/libarm.a(board.o)
 .rodata.str1.1
                0x40830384      0x264 arch/arm/lib/libarm.a(interrupts.o)
                                0x27b (size before relaxing)
 .rodata.str1.1
                0x408305e8       0x16 net/libnet.a(eth.o)
 .rodata.str1.1
                0x408305fe      0x1e4 net/libnet.a(net.o)
                                0x1f4 (size before relaxing)
 .rodata.str1.1
                0x408307e2       0x43 net/libnet.a(rarp.o)
 .rodata.str1.1
                0x40830825      0x2fb net/libnet.a(tftp.o)
                                0x32c (size before relaxing)
 .rodata.str1.1
                0x40830b20      0x102 net/libnet.a(udp.o)
                                0x159 (size before relaxing)
 .rodata.str1.1
                0x40830c22       0x70 net/libnet.a(bootp.o)
                                 0xa9 (size before relaxing)
 .rodata.str1.1
                0x40830c92       0x1a drivers/mtd/spi/hifmc100/libhifmcv100.a(hifmc100_os.o)
 .rodata.str1.1
                0x40830cac      0x48c drivers/mtd/spi/hifmc100/libhifmcv100.a(hifmc_spi_nor_ids.o)
                                0x4a8 (size before relaxing)
 .rodata.str1.1
                0x40831138      0x2c3 drivers/mtd/spi/hifmc100/libhifmcv100.a(hifmc100.o)
                                0x2f0 (size before relaxing)
 .rodata.str1.1
                0x408313fb      0x418 drivers/net/higmacv300/libhigmacv300.a(higmac.o)
                                0x450 (size before relaxing)
 .rodata.str1.1
                0x40831813       0x92 common/libcommon.a(cmd_boot.o)
                                 0x95 (size before relaxing)
 .rodata.str1.1
                0x408318a5      0x470 common/libcommon.a(cmd_bootm.o)
                                0x48a (size before relaxing)
 .rodata.str1.1
                0x40831d15       0x1d common/libcommon.a(cmd_bzr.o)
 .rodata.str1.1
                0x40831d32      0x141 common/libcommon.a(cmd_ddr_training_v2.o)
                                0x156 (size before relaxing)
 .rodata.str1.1
                0x40831e73       0x45 common/libcommon.a(cmd_dec.o)
 .rodata.str1.1
                0x40831eb8      0x23f common/libcommon.a(cmd_fat.o)
                                0x24c (size before relaxing)
 .rodata.str1.1
                0x408320f7      0x133 common/libcommon.a(cmd_getinfo.o)
                                0x148 (size before relaxing)
 .rodata.str1.1
                0x4083222a       0x36 common/libcommon.a(cmd_help.o)
                                 0x38 (size before relaxing)
 .rodata.str1.1
                0x40832260      0x1ba common/libcommon.a(cmd_load.o)
                                0x1d0 (size before relaxing)
 .rodata.str1.1
                0x4083241a       0x64 common/libcommon.a(cmd_logo.o)
 .rodata.str1.1
                0x4083247e      0x2ee common/libcommon.a(cmd_mem.o)
                                0x2f9 (size before relaxing)
 .rodata.str1.1
                0x4083276c      0x5b4 common/libcommon.a(cmd_mii.o)
                                0x5dc (size before relaxing)
 .rodata.str1.1
                0x40832d20      0x2e0 common/libcommon.a(cmd_net.o)
                                0x323 (size before relaxing)
 .rodata.str1.1
                0x40833000      0x187 common/libcommon.a(cmd_nvedit.o)
                                0x1e3 (size before relaxing)
 .rodata.str1.1
                0x40833187      0x23c common/libcommon.a(cmd_sf.o)
                                0x23e (size before relaxing)
 .rodata.str1.1
                0x408333c3      0x682 common/libcommon.a(cmd_usb.o)
                                0x74b (size before relaxing)
 .rodata.str1.1
                0x40833a45       0x16 common/libcommon.a(cmd_version.o)
                                 0x23 (size before relaxing)
 .rodata.str1.1
                0x40833a5b      0x36d common/libcommon.a(cmd_vo_hi3531a.o)
                                0x395 (size before relaxing)
 .rodata.str1.1
                0x40833dc8       0x76 common/libcommon.a(command.o)
                                 0x92 (size before relaxing)
 .rodata.str1.1
                0x40833e3e       0x70 common/libcommon.a(console.o)
                                 0x74 (size before relaxing)
 .rodata.str1.1
                0x40833eae       0x32 common/libcommon.a(download_process.o)
 .rodata.str1.1
                0x40833ee0       0x33 common/libcommon.a(env_common.o)
                                 0x37 (size before relaxing)
 .rodata.str1.1
                0x40833f13        0xa common/libcommon.a(env_common_func.o)
 .rodata.str1.1
                0x40833f1d       0xea common/libcommon.a(env_sf.o)
                                0x12d (size before relaxing)
 .rodata.str1.1
                0x40834007      0x43a common/libcommon.a(image.o)
                                0x4ce (size before relaxing)
 .rodata.str1.1
                0x40834441       0xcd common/libcommon.a(main.o)
                                 0xe2 (size before relaxing)
 .rodata.str1.1
                0x4083450e      0x216 common/libcommon.a(miiphyutil.o)
                                0x226 (size before relaxing)
 .rodata.str1.1
                0x40834724        0x7 common/libcommon.a(stdio.o)
                                 0x1b (size before relaxing)
 .rodata.str1.1
                0x4083472b      0x31f common/libcommon.a(usb.o)
 .rodata.str1.1
                0x40834a4a      0x1ff common/libcommon.a(usb_storage.o)
                                0x211 (size before relaxing)
 .rodata.str1.1
                0x40834c49       0xe3 common/libcommon.a(xyzModem.o)
                                 0xe5 (size before relaxing)
 .rodata.str1.1
                0x40834d2c       0x3b product/libproduct.a(sample.o)
 .rodata.str1.1
                0x40834d67       0x2f ./product/hiosd/vo/hi3531a/libvo.a(vou.o)
 .rodata.str1.1
                0x40834d96      0x1d1 ./product/hiosd/vo/hi3531a/libvo.a(vou_hal.o)
 .rodata.str1.1
                0x40834f67       0x1c ./product/hiosd/hdmi/hi3531a/libhdmi.a(hdmitx.o)
 .rodata.str1.1
                0x40834f83       0x66 ./product/hiosd/dec/libjpegd.a(jpegd.o)
 .rodata.str1.1
                0x40834fe9       0x91 ./product/hiosd/dec/libjpegd.a(hi_JpegDecode.o)
 .rodata.str1.1
                0x00000000       0x91 board/hi3531a/libhi3531a.a(board.o)
                                  0x9 (size before relaxing)
 .rodata.str1.1
                0x4083507a       0x1a lib/libgeneric.a(display_options.o)
                                 0x43 (size before relaxing)
 .rodata.str1.1
                0x40835094       0x85 lib/libgeneric.a(gunzip.o)
 .rodata.str1.1
                0x40835119       0x21 lib/libgeneric.a(vsprintf.o)
 .rodata.str1.1
                0x4083513a      0x21c lib/libgeneric.a(zlib.o)
                                0x21d (size before relaxing)
 .rodata.str1.1
                0x40835356      0x428 drivers/ddr/libddr.a(ddr_cmd_ctl.o)
                                0x436 (size before relaxing)
 .rodata.str1.1
                0x4083577e       0x42 arch/arm/lib/libarm.a(bootm.o)
                                 0x4b (size before relaxing)
 .rodata.str1.1
                0x408357c0       0x44 arch/arm/lib/libarm.a(process.o)
 .rodata.str1.1
                0x40835804        0xf arch/arm/lib/libarm.a(reset.o)
 .rodata.str1.1
                0x40835813      0x17b fs/fat/libfat.a(fat.o)
                                0x181 (size before relaxing)
 .rodata.str1.1
                0x4083598e      0x1af disk/libdisk.a(part.o)
                                0x1e0 (size before relaxing)
 .rodata.str1.1
                0x40835b3d       0xe5 disk/libdisk.a(part_dos.o)
                                 0xf1 (size before relaxing)
 .rodata.str1.1
                0x40835c22       0x4e drivers/mtd/libmtd.a(hifmc_common.o)
                                 0x63 (size before relaxing)
 .rodata.str1.1
                0x40835c70      0x23b drivers/usb/host/hiusb/libhiusb.a(hiusb-ohci.o)
 .rodata.str1.1
                0x40835eab      0x212 drivers/usb/host/hiusb/libhiusb.a(xhci.o)
 .rodata.str1.1
                0x408360bd       0xbe drivers/usb/host/hiusb/libhiusb.a(xhci-mem.o)
 .rodata.str1.1
                0x4083617b       0x74 drivers/usb/host/hiusb/libhiusb.a(xhci-ring.o)
 .rodata.str1.1
                0x408361ef        0xc lib/libgeneric.a(vsnprintf.o)
                                 0x13 (size before relaxing)
 .rodata.str1.1
                0x408361fb        0x8 arch/arm/cpu/hi3531a/libhi3531a.a(cpu.o)
                                 0x10 (size before relaxing)
 .rodata.str1.1
                0x40836203       0x1b /nfs/opt/U-BOOT/u-boot/u-boot-2010.06/arch/arm/lib/eabi_compat.o

.image          0x4083621e     0x33a0
 .image         0x4083621e     0x33a0 drivers/ddr/libddr.a(ddr_cmd_loc.o)
                0x4083621e                ddr_training_cmd_start
                0x408395be                ddr_training_cmd_end

.rel.dyn        0x408395c0        0x0
 .rel.iplt      0x00000000        0x0 arch/arm/cpu/hi3531a/start.o
 .rel.got       0x00000000        0x0 arch/arm/cpu/hi3531a/start.o
                0x408395c0                . = ALIGN (0x4)

.data           0x408395c0     0x40d8
 *(.data)
 .data          0x408395c0        0x0 arch/arm/cpu/hi3531a/start.o
 .data          0x408395c0        0x0 drivers/ddr/ddr_training_impl.o
 .data          0x408395c0        0x0 drivers/ddr/ddr_training_ctl.o
 .data          0x408395c0        0x0 drivers/ddr/ddr_training_boot.o
 .data          0x408395c0        0x0 drivers/ddr/ddr_training_custom.o
 .data          0x408395c0        0x0 arch/arm/cpu/hi3531a/hi3531a_message.o
 .data          0x408395c0        0x0 arch/arm/cpu/hi3531a/libhi3531a.a(uart.o)
 .data          0x408395c0        0x0 arch/arm/cpu/hi3531a/libhi3531a.a(lowlevel_init_v300.o)
 .data          0x408395c0        0x0 arch/arm/cpu/hi3531a/libhi3531a.a(chip.o)
 .data          0x408395c0       0x24 arch/arm/lib/libarm.a(board.o)
                0x408395c0                init_sequence
 .data          0x408395e4        0x0 arch/arm/lib/libarm.a(interrupts.o)
 .data          0x408395e4        0x0 net/libnet.a(eth.o)
 .data          0x408395e4       0x14 net/libnet.a(net.o)
                0x408395e4                NetOurVLAN
                0x408395e6                NetBcastAddr
                0x408395ec                NetOurNativeVLAN
                0x408395f0                TftpNetReStartCountMax
                0x408395f4                Upgrade_flag
 .data          0x408395f8        0x0 net/libnet.a(rarp.o)
 .data          0x408395f8       0x1c net/libnet.a(tftp.o)
                0x40839604                upload_addr
                0x4083960c                TftpRRQTimeoutCountMax
                0x40839610                TftpRRQTimeoutMSecs
 .data          0x40839614        0x8 net/libnet.a(udp.o)
 .data          0x4083961c        0x0 net/libnet.a(bootp.o)
 .data          0x4083961c        0x0 drivers/mtd/spi/libspi_flash.a(spi_compatible.o)
 .data          0x4083961c        0x0 drivers/mtd/spi/hifmc100/libhifmcv100.a(hifmc100_os.o)
 .data          0x4083961c     0x2b78 drivers/mtd/spi/hifmc100/libhifmcv100.a(hifmc_spi_nor_ids.o)
 .data          0x4083c194        0x0 drivers/mtd/spi/hifmc100/libhifmcv100.a(hifmc100.o)
 .data          0x4083c194       0x30 drivers/net/higmacv300/libhigmacv300.a(higmac.o)
                0x4083c198                higmac_board_info
 .data          0x4083c1c4        0x0 drivers/net/higmacv300/libhigmacv300.a(mdio.o)
 .data          0x4083c1c4        0x0 drivers/net/higmacv300/libhigmacv300.a(ctrl.o)
 .data          0x4083c1c4        0x0 drivers/serial/libserial.a(serial_pl01x.o)
 .data          0x4083c1c4        0x0 common/libcommon.a(cmd_boot.o)
 .data          0x4083c1c4       0x94 common/libcommon.a(cmd_bootm.o)
                0x4083c1c4                load_addr
 .data          0x4083c258        0x0 common/libcommon.a(cmd_bzr.o)
 .data          0x4083c258        0x4 common/libcommon.a(cmd_ddr_training_v2.o)
 .data          0x4083c25c        0x0 common/libcommon.a(cmd_dec.o)
 .data          0x4083c25c        0x0 common/libcommon.a(cmd_fat.o)
 .data          0x4083c25c        0x0 common/libcommon.a(cmd_getinfo.o)
 .data          0x4083c25c        0x0 common/libcommon.a(cmd_help.o)
 .data          0x4083c25c        0x0 common/libcommon.a(cmd_load.o)
 .data          0x4083c25c      0x114 common/libcommon.a(cmd_logo.o)
                0x4083c25c                ParamBox
                0x4083c2a4                VO_CONV_TBL
 .data          0x4083c370        0x4 common/libcommon.a(cmd_mem.o)
                0x4083c370                dp_last_length
 .data          0x4083c374      0x2e8 common/libcommon.a(cmd_mii.o)
                0x4083c374                reg_0_5_desc_tbl
                0x4083c3a4                desc_and_len_tbl
                0x4083c3d4                reg_5_desc_tbl
                0x4083c464                reg_4_desc_tbl
                0x4083c4f4                reg_3_desc_tbl
                0x4083c518                reg_2_desc_tbl
                0x4083c524                reg_1_desc_tbl
                0x4083c5e4                reg_0_desc_tbl
 .data          0x4083c65c        0x0 common/libcommon.a(cmd_net.o)
 .data          0x4083c65c        0x4 common/libcommon.a(cmd_nvedit.o)
 .data          0x4083c660        0x0 common/libcommon.a(cmd_sf.o)
 .data          0x4083c660        0x4 common/libcommon.a(cmd_usb.o)
 .data          0x4083c664        0x0 common/libcommon.a(cmd_version.o)
 .data          0x4083c664        0x0 common/libcommon.a(cmd_vo_hi3531a.o)
 .data          0x4083c664        0x0 common/libcommon.a(command.o)
 .data          0x4083c664        0x0 common/libcommon.a(console.o)
 .data          0x4083c664      0x414 common/libcommon.a(dlmalloc.o)
 .data          0x4083ca78        0x0 common/libcommon.a(download_process.o)
 .data          0x4083ca78      0x11d common/libcommon.a(env_common.o)
                0x4083ca78                default_environment
 *fill*         0x4083cb95        0x3 
 .data          0x4083cb98       0x14 common/libcommon.a(env_common_func.o)
 .data          0x4083cbac        0x4 common/libcommon.a(env_sf.o)
                0x4083cbac                sf_env_name_spec
 .data          0x4083cbb0        0x0 common/libcommon.a(exports.o)
 .data          0x4083cbb0      0x204 common/libcommon.a(image.o)
 .data          0x4083cdb4       0x14 common/libcommon.a(main.o)
 .data          0x4083cdc8        0x4 common/libcommon.a(miiphyutil.o)
 .data          0x4083cdcc        0xc common/libcommon.a(stdio.o)
                0x4083cdcc                stdio_names
 .data          0x4083cdd8        0x0 common/libcommon.a(usb.o)
 .data          0x4083cdd8       0x20 common/libcommon.a(usb_storage.o)
                0x4083cdd8                us_direction
 .data          0x4083cdf8        0x0 common/libcommon.a(xyzModem.o)
 .data          0x4083cdf8        0x8 product/libproduct.a(sample.o)
 .data          0x4083ce00       0x10 ./product/hiosd/vo/hi3531a/libvo.a(vou.o)
 .data          0x4083ce10      0x650 ./product/hiosd/vo/hi3531a/libvo.a(vou_drv.o)
                0x4083ce90                g_stSyncTiming
 .data          0x4083d460        0x0 ./product/hiosd/vo/hi3531a/libvo.a(vou_hal.o)
 .data          0x4083d460        0x0 ./product/hiosd/vo/hi3531a/libvo.a(vou_coef_org.o)
 .data          0x4083d460        0x4 ./product/hiosd/hdmi/hi3531a/libhdmi.a(hdmi.o)
 .data          0x4083d464        0x0 ./product/hiosd/hdmi/hi3531a/libhdmi.a(de.o)
 .data          0x4083d464        0x0 ./product/hiosd/hdmi/hi3531a/libhdmi.a(drv_hlviic.o)
 .data          0x4083d464        0x0 ./product/hiosd/hdmi/hi3531a/libhdmi.a(eeprom.o)
 .data          0x4083d464        0x0 ./product/hiosd/hdmi/hi3531a/libhdmi.a(hdmitx.o)
 .data          0x4083d464        0x0 ./product/hiosd/hdmi/hi3531a/libhdmi.a(infofrm.o)
 .data          0x4083d464        0x0 ./product/hiosd/hdmi/hi3531a/libhdmi.a(txvidp.o)
 .data          0x4083d464        0x8 ./product/hiosd/hdmi/hi3531a/libhdmi.a(txvptbl.o)
                0x4083d464                DefaultTXDVDAudio
                0x4083d468                DefaultTXVPath
 .data          0x4083d46c        0x0 ./product/hiosd/hdmi/hi3531a/libhdmi.a(vmtables.o)
 .data          0x4083d46c        0x0 ./product/hiosd/dec/libjpegd.a(jpegd.o)
 .data          0x4083d46c        0x9 ./product/hiosd/dec/libjpegd.a(hi_JpegDecode.o)
                0x4083d46c                MyAnd
 .data          0x4083d475        0x0 board/hi3531a/libhi3531a.a(board.o)
 .data          0x4083d475        0x0 lib/libgeneric.a(crc16.o)
 .data          0x4083d475        0x0 lib/libgeneric.a(crc32.o)
 .data          0x4083d475      0x100 lib/libgeneric.a(ctype.o)
                0x4083d475                _ctype
 .data          0x4083d575        0x0 lib/libgeneric.a(display_options.o)
 .data          0x4083d575        0x0 lib/libgeneric.a(div64.o)
 .data          0x4083d575        0x0 lib/libgeneric.a(gunzip.o)
 .data          0x4083d575        0x0 lib/libgeneric.a(net_utils.o)
 .data          0x4083d575        0x0 lib/libgeneric.a(string.o)
 .data          0x4083d575        0x0 lib/libgeneric.a(time.o)
 .data          0x4083d575        0x0 lib/libgeneric.a(vsprintf.o)
 .data          0x4083d575        0x0 lib/libgeneric.a(zlib.o)
 .data          0x4083d575        0x0 drivers/ddr/libddr.a(ddr_cmd_ctl.o)
 .data          0x4083d575        0x0 drivers/ddr/libddr.a(ddr_cmd_loc.o)
 .data          0x4083d575        0x0 arch/arm/cpu/hi3531a/hi3531a/libhi3531a.a(timer.o)
 .data          0x4083d575        0x0 arch/arm/lib/libarm.a(bootm.o)
 .data          0x4083d575        0x0 arch/arm/lib/libarm.a(cache.o)
 .data          0x4083d575        0x0 arch/arm/lib/libarm.a(process.o)
 .data          0x4083d575        0x0 arch/arm/lib/libarm.a(reset.o)
 *fill*         0x4083d575        0x3 
 .data          0x4083d578        0x4 fs/fat/libfat.a(fat.o)
 .data          0x4083d57c        0x0 disk/libdisk.a(part.o)
 .data          0x4083d57c        0x0 disk/libdisk.a(part_dos.o)
 .data          0x4083d57c        0x2 drivers/mtd/libmtd.a(hifmc_common.o)
 .data          0x4083d57e        0x0 drivers/mtd/libmtd.a(hifmc_hi3531a.o)
 .data          0x4083d57e       0x4b drivers/usb/host/hiusb/libhiusb.a(hiusb-ohci.o)
 .data          0x4083d5c9       0x3e drivers/usb/host/hiusb/libhiusb.a(xhci.o)
 .data          0x4083d607        0x0 drivers/usb/host/hiusb/libhiusb.a(xhci-mem.o)
 .data          0x4083d607        0x0 drivers/usb/host/hiusb/libhiusb.a(xhci-ring.o)
 .data          0x4083d607        0x0 lib/libgeneric.a(vsnprintf.o)
 *fill*         0x4083d607        0x1 
 .data          0x4083d608       0x90 arch/arm/cpu/hi3531a/libhi3531a.a(cpu.o)
                0x4083d608                cpu_info
 .data          0x4083d698        0x0 arch/arm/lib/libarm.a(cache-cp15.o)
 .data          0x4083d698        0x0 arch/arm/lib/libarm.a(mmu.o)
 .data          0x4083d698        0x0 /nfs/opt/U-BOOT/u-boot/u-boot-2010.06/arch/arm/lib/eabi_compat.o
 .data          0x4083d698        0x0 /sdb/arm-hisiv300/bin/../lib/gcc/arm-hisiv300-linux-uclibcgnueabi/4.8.3/libgcc.a(_udivsi3.o)
 .data          0x4083d698        0x0 /sdb/arm-hisiv300/bin/../lib/gcc/arm-hisiv300-linux-uclibcgnueabi/4.8.3/libgcc.a(_divsi3.o)
 .data          0x4083d698        0x0 /sdb/arm-hisiv300/bin/../lib/gcc/arm-hisiv300-linux-uclibcgnueabi/4.8.3/libgcc.a(_lshrdi3.o)
 .data          0x4083d698        0x0 /sdb/arm-hisiv300/bin/../lib/gcc/arm-hisiv300-linux-uclibcgnueabi/4.8.3/libgcc.a(_ashldi3.o)
 .data          0x4083d698        0x0 /sdb/arm-hisiv300/bin/../lib/gcc/arm-hisiv300-linux-uclibcgnueabi/4.8.3/libgcc.a(_arm_addsubdf3.o)
 .data          0x4083d698        0x0 /sdb/arm-hisiv300/bin/../lib/gcc/arm-hisiv300-linux-uclibcgnueabi/4.8.3/libgcc.a(_arm_muldivdf3.o)
 .data          0x4083d698        0x0 /sdb/arm-hisiv300/bin/../lib/gcc/arm-hisiv300-linux-uclibcgnueabi/4.8.3/libgcc.a(_arm_fixunsdfsi.o)
 .data          0x4083d698        0x0 /sdb/arm-hisiv300/bin/../lib/gcc/arm-hisiv300-linux-uclibcgnueabi/4.8.3/libgcc.a(_dvmd_lnx.o)

.igot.plt       0x4083d698        0x0
 .igot.plt      0x00000000        0x0 arch/arm/cpu/hi3531a/start.o

.got.plt        0x4083d698        0xc
 .got.plt       0x4083d698        0xc arch/arm/cpu/hi3531a/start.o
                0x4083d698                _GLOBAL_OFFSET_TABLE_
                0x4083d6a4                . = ALIGN (0x4)

.got            0x4083d6a4       0x2c
 *(.got)
 .got           0x4083d6a4       0x2c arch/arm/cpu/hi3531a/start.o
                0x4083d6d0                __u_boot_cmd_start = .

.u_boot_cmd     0x4083d6d0      0x450
 *(.u_boot_cmd)
 .u_boot_cmd    0x4083d6d0       0x30 common/libcommon.a(cmd_boot.o)
                0x4083d6d0                __u_boot_cmd_reset
                0x4083d6e8                __u_boot_cmd_go
 .u_boot_cmd    0x4083d700       0x18 common/libcommon.a(cmd_bootm.o)
                0x4083d700                __u_boot_cmd_bootm
 .u_boot_cmd    0x4083d718       0x18 common/libcommon.a(cmd_bzr.o)
                0x4083d718                __u_boot_cmd_bzr
 .u_boot_cmd    0x4083d730       0x18 common/libcommon.a(cmd_ddr_training_v2.o)
                0x4083d730                __u_boot_cmd_ddr
 .u_boot_cmd    0x4083d748       0x18 common/libcommon.a(cmd_dec.o)
                0x4083d748                __u_boot_cmd_decjpg
 .u_boot_cmd    0x4083d760       0x48 common/libcommon.a(cmd_fat.o)
                0x4083d760                __u_boot_cmd_fatinfo
                0x4083d778                __u_boot_cmd_fatls
                0x4083d790                __u_boot_cmd_fatload
 .u_boot_cmd    0x4083d7a8       0x18 common/libcommon.a(cmd_getinfo.o)
                0x4083d7a8                __u_boot_cmd_getinfo
 .u_boot_cmd    0x4083d7c0       0x30 common/libcommon.a(cmd_help.o)
                0x4083d7c0                __u_boot_cmd_question_mark
                0x4083d7d8                __u_boot_cmd_help
 .u_boot_cmd    0x4083d7f0       0x30 common/libcommon.a(cmd_load.o)
                0x4083d7f0                __u_boot_cmd_loady
                0x4083d808                __u_boot_cmd_loadb
 .u_boot_cmd    0x4083d820       0x18 common/libcommon.a(cmd_logo.o)
                0x4083d820                __u_boot_cmd_logo
 .u_boot_cmd    0x4083d838       0xf0 common/libcommon.a(cmd_mem.o)
                0x4083d838                __u_boot_cmd_mtest
                0x4083d850                __u_boot_cmd_loop
                0x4083d868                __u_boot_cmd_base
                0x4083d880                __u_boot_cmd_crc32
                0x4083d898                __u_boot_cmd_cmp
                0x4083d8b0                __u_boot_cmd_cp
                0x4083d8c8                __u_boot_cmd_mw
                0x4083d8e0                __u_boot_cmd_nm
                0x4083d8f8                __u_boot_cmd_mm
                0x4083d910                __u_boot_cmd_md
 .u_boot_cmd    0x4083d928       0x18 common/libcommon.a(cmd_mii.o)
                0x4083d928                __u_boot_cmd_mii
 .u_boot_cmd    0x4083d940       0x90 common/libcommon.a(cmd_net.o)
                0x4083d940                __u_boot_cmd_query
                0x4083d958                __u_boot_cmd_ping
                0x4083d970                __u_boot_cmd_rarpboot
                0x4083d988                __u_boot_cmd_udp
                0x4083d9a0                __u_boot_cmd_tftp
                0x4083d9b8                __u_boot_cmd_bootp
 .u_boot_cmd    0x4083d9d0       0x48 common/libcommon.a(cmd_nvedit.o)
                0x4083d9d0                __u_boot_cmd_setenv
                0x4083d9e8                __u_boot_cmd_printenv
                0x4083da00                __u_boot_cmd_saveenv
 .u_boot_cmd    0x4083da18       0x18 common/libcommon.a(cmd_sf.o)
                0x4083da18                __u_boot_cmd_sf
 .u_boot_cmd    0x4083da30       0x30 common/libcommon.a(cmd_usb.o)
                0x4083da30                __u_boot_cmd_usbboot
                0x4083da48                __u_boot_cmd_usb
 .u_boot_cmd    0x4083da60       0x18 common/libcommon.a(cmd_version.o)
                0x4083da60                __u_boot_cmd_version
 .u_boot_cmd    0x4083da78       0xa8 common/libcommon.a(cmd_vo_hi3531a.o)
                0x4083da78                __u_boot_cmd_setvobg
                0x4083da90                __u_boot_cmd_stopvl
                0x4083daa8                __u_boot_cmd_startvl
                0x4083dac0                __u_boot_cmd_stopgx
                0x4083dad8                __u_boot_cmd_startgx
                0x4083daf0                __u_boot_cmd_stopvo
                0x4083db08                __u_boot_cmd_startvo
                0x4083db20                __u_boot_cmd_end = .
                0x4083db20                . = ALIGN (0x4)
                0x4083db20                __bss_start = .

.bss            0x4083dc00   0x4541a0
 *(.bss)
 .bss           0x4083dc00        0x0 arch/arm/cpu/hi3531a/start.o
 .bss           0x4083dc00        0x0 drivers/ddr/ddr_training_impl.o
 .bss           0x4083dc00        0x0 drivers/ddr/ddr_training_ctl.o
 .bss           0x4083dc00        0x0 drivers/ddr/ddr_training_boot.o
 .bss           0x4083dc00        0x0 drivers/ddr/ddr_training_custom.o
 .bss           0x4083dc00        0x0 arch/arm/cpu/hi3531a/hi3531a_message.o
 .bss           0x4083dc00        0x0 arch/arm/cpu/hi3531a/libhi3531a.a(uart.o)
 .bss           0x4083dc00        0x0 arch/arm/cpu/hi3531a/libhi3531a.a(lowlevel_init_v300.o)
 .bss           0x4083dc00        0x0 arch/arm/cpu/hi3531a/libhi3531a.a(chip.o)
 .bss           0x4083dc00        0x4 arch/arm/lib/libarm.a(board.o)
                0x4083dc00                monitor_flash_len
 .bss           0x4083dc04        0x0 arch/arm/lib/libarm.a(interrupts.o)
 .bss           0x4083dc04        0x0 net/libnet.a(eth.o)
 .bss           0x4083dc04     0x25e8 net/libnet.a(net.o)
                0x4083dc04                NetState
                0x4083dc08                NetPingIP
                0x4083dc24                NetOurEther
                0x4083dc2c                NetTxPacket
                0x4083dc30                NetOurIP
                0x4083dc34                NetArpWaitPacketIP
                0x4083dc38                NetOurSubnetMask
                0x4083dc3c                NetOurGatewayIP
                0x4083dc40                NetArpWaitReplyIP
                0x4083dc44                NetArpWaitTimerStart
                0x4083dc48                NetArpWaitTry
                0x4083dc52                NetEtherNullAddr
                0x4083dc58                NetArpWaitPacketMAC
                0x4083dc5c                NetArpWaitTxPacket
                0x4083dc60                NetIPID
                0x4083dc68                NetArpWaitTxPacketSize
                0x4083dc6c                NetRxPacket
                0x4083dc70                NetRxPacketLen
                0x4083dc74                NetServerIP
                0x4083dc78                NetServerEther
                0x4083dc84                TftpNetReStartCount
                0x4083dc88                PktBuf
                0x4083faa8                NetRxPackets
                0x4083fab8                NetArpWaitPacketBuf
                0x408400dc                NetBootFileXferSize
                0x408400e0                pkt_data
                0x408400e4                BootFile
                0x40840164                NetBootFileSize
                0x40840166                NetOurRootPath
                0x408401a6                NetOurHostName
                0x408401c6                NetOurNISDomain
                0x408401e8                NetOurDNSIP
 .bss           0x408401ec        0x4 net/libnet.a(rarp.o)
                0x408401ec                RarpTry
 .bss           0x408401f0       0xc0 net/libnet.a(tftp.o)
                0x4084027c                upload_size
 .bss           0x408402b0       0x10 net/libnet.a(udp.o)
 .bss           0x408402c0        0x8 net/libnet.a(bootp.o)
                0x408402c0                BootpID
                0x408402c4                BootpTry
 .bss           0x408402c8        0x8 drivers/mtd/spi/libspi_flash.a(spi_compatible.o)
 .bss           0x408402d0      0x1c0 drivers/mtd/spi/hifmc100/libhifmcv100.a(hifmc100_os.o)
 .bss           0x40840490        0x4 drivers/mtd/spi/hifmc100/libhifmcv100.a(hifmc_spi_nor_ids.o)
                0x40840490                start_up_addr_mode
 .bss           0x40840494        0x0 drivers/mtd/spi/hifmc100/libhifmcv100.a(hifmc100.o)
 .bss           0x40840494       0x14 drivers/net/higmacv300/libhigmacv300.a(higmac.o)
 .bss           0x408404a8       0x10 drivers/net/higmacv300/libhigmacv300.a(mdio.o)
 .bss           0x408404b8        0x0 drivers/net/higmacv300/libhigmacv300.a(ctrl.o)
 .bss           0x408404b8        0x0 drivers/serial/libserial.a(serial_pl01x.o)
 .bss           0x408404b8        0x0 common/libcommon.a(cmd_boot.o)
 .bss           0x408404b8       0x8c common/libcommon.a(cmd_bootm.o)
 .bss           0x40840544        0x0 common/libcommon.a(cmd_bzr.o)
 .bss           0x40840544     0x13cc common/libcommon.a(cmd_ddr_training_v2.o)
 .bss           0x40841910        0x0 common/libcommon.a(cmd_dec.o)
 .bss           0x40841910        0x0 common/libcommon.a(cmd_fat.o)
 .bss           0x40841910        0x0 common/libcommon.a(cmd_getinfo.o)
 .bss           0x40841910        0x0 common/libcommon.a(cmd_help.o)
 .bss           0x40841910       0x60 common/libcommon.a(cmd_load.o)
                0x4084191c                his_pad_count
                0x40841920                his_pad_char
                0x40841939                his_eol
                0x40841940                os_data_init
                0x40841950                os_data_char
                0x40841954                his_quote
                0x40841958                send_ptr
                0x4084195c                send_parms
 .bss           0x40841970        0x0 common/libcommon.a(cmd_logo.o)
 .bss           0x40841970       0x14 common/libcommon.a(cmd_mem.o)
                0x40841970                dp_last_addr
                0x40841974                dp_last_size
                0x4084197c                mm_last_addr
                0x40841980                mm_last_size
 .bss           0x40841984       0x18 common/libcommon.a(cmd_mii.o)
                0x40841984                last_op
                0x40841988                last_addr_lo
                0x4084198c                last_addr_hi
                0x40841990                last_reg_lo
                0x40841994                last_reg_hi
                0x40841998                last_data
 .bss           0x4084199c        0x0 common/libcommon.a(cmd_net.o)
 .bss           0x4084199c        0x0 common/libcommon.a(cmd_nvedit.o)
 .bss           0x4084199c        0x4 common/libcommon.a(cmd_sf.o)
 .bss           0x408419a0        0x0 common/libcommon.a(cmd_usb.o)
 .bss           0x408419a0        0x0 common/libcommon.a(cmd_version.o)
 .bss           0x408419a0        0xc common/libcommon.a(cmd_vo_hi3531a.o)
 .bss           0x408419ac      0x600 common/libcommon.a(command.o)
 .bss           0x40841fac        0x8 common/libcommon.a(console.o)
 .bss           0x40841fb4       0x44 common/libcommon.a(dlmalloc.o)
                0x40841fb4                mem_malloc_brk
                0x40841fb8                mem_malloc_start
                0x40841fbc                mem_malloc_end
 .bss           0x40841ff8      0x400 common/libcommon.a(download_process.o)
 .bss           0x408423f8        0x0 common/libcommon.a(env_common.o)
 .bss           0x408423f8       0x34 common/libcommon.a(env_common_func.o)
                0x408423f8                env_cmn_func
                0x40842424                env_name_spec
                0x40842428                env_ptr
 .bss           0x4084242c        0x4 common/libcommon.a(env_sf.o)
 .bss           0x40842430        0x0 common/libcommon.a(exports.o)
 .bss           0x40842430        0x0 common/libcommon.a(image.o)
 .bss           0x40842430     0x5878 common/libcommon.a(main.o)
                0x4084243c                hist_num
                0x40842440                hist_list
                0x40842490                hist_lines
                0x408474a4                console_buffer
 .bss           0x40847ca8        0xc common/libcommon.a(miiphyutil.o)
 .bss           0x40847cb4       0x48 common/libcommon.a(stdio.o)
                0x40847cf0                stdio_devices
 .bss           0x40847cfc    0x12b1c common/libcommon.a(usb.o)
                0x40847cfc                usb_started
 .bss           0x4085a818      0x5b8 common/libcommon.a(usb_storage.o)
 .bss           0x4085add0      0x43c common/libcommon.a(xyzModem.o)
 .bss           0x4085b20c        0x4 product/libproduct.a(sample.o)
                0x4085b20c                g_u32HDMI_update_status_flag
 .bss           0x4085b210       0x14 ./product/hiosd/vo/hi3531a/libvo.a(vou.o)
 .bss           0x4085b224        0x0 ./product/hiosd/vo/hi3531a/libvo.a(vou_drv.o)
 .bss           0x4085b224        0x4 ./product/hiosd/vo/hi3531a/libvo.a(vou_hal.o)
                0x4085b224                pVoReg